---
source: src/analyze/new_fold/tests/mod.rs
expression: "process(PreprocessorFolder, arcstr::literal!(\"!0\"))"
---
Ok(
    Literal(
        Int(
            1,
        ),
    ),
)
