---
source: src/parse/literal.rs
description: ""
info: 1.asd
---
Ok(
    Float {
        significand: "1",
        fraction: "",
        exponent: "",
        suffix: "asd",
        radix: Decimal,
    },
)
