---
source: src/parse/literal.rs
description: ""
info: "1.1"
---
Ok(
    Float {
        significand: "1",
        fraction: "1",
        exponent: "",
        suffix: "",
        radix: Decimal,
    },
)
