---
source: src/parse/literal.rs
description: ""
info: "1."
---
Ok(
    Float {
        significand: "1",
        fraction: "",
        exponent: "",
        suffix: "",
        radix: Decimal,
    },
)
