---
source: src/preprocess/preprocessor/tests/mod.rs
expression: pretty_print(sequence_iteration)
---
1 1 1 1 A

