---
source: src/preprocess/preprocessor/tests/mod.rs
expression: pretty_print(whitespace)
---
// The laser
A   5 2

