---
source: src/preprocess/preprocessor/tests/mod.rs
expression: pretty_print(no_arg)
---
1

