---
source: src/preprocess/preprocessor/tests/mod.rs
expression: pretty_print(vararg)
---
a 1 2 3 asda, 123123, 123, assa

