---
source: src/preprocess/preprocessor/tests/mod.rs
expression: pretty_print(counting)
---
7
3

