---
source: src/preprocess/preprocessor/tests/mod.rs
expression: pretty_print(weird_param_2)
---
f f F_AGAIN ()()

