---
source: src/preprocess/preprocessor/tests/mod.rs
expression: pretty_print(concatenation)
---
FOOBAR
36
12
AB
123
ABC
