---
source: src/preprocess/preprocessor/tests/mod.rs
expression: pretty_print(adjacent_paste)
---
.. . .

