---
source: src/preprocess/preprocessor/tests/mod.rs
expression: pretty_print(vararg_stringify)
---
a "1 2 3 asda, 123123, 123, asssa"

