---
source: src/preprocess/preprocessor/tests/mod.rs
expression: pretty_print(weird_param_1)
---
< f( B(f) > *

