---
source: src/preprocess/preprocessor/tests/mod.rs
expression: pretty_print(comment_and_space)
---
// Foo
         A
